# QA Stage 2 — feedback-integrator 검증 로그
실행일: 2026-05-26

## 1) hypothesisConfig 정의 확인
파일: docs/assets/js/hypothesis.js
- `window.hypothesisConfig` 정의 존재                          → PASS
- 함수 형태로 정의 (`window.hypothesisConfig = function () { ... }`)  → PASS
- 키: openSidebar=false, showHighlights='always', theme='clean', branding{}  → PASS

## 2) 비공개 그룹 미설정 (공개 정책 유지)
- services 키 존재 여부: 부재                                  → PASS
- groups 키 존재 여부: 부재                                    → PASS
- 즉 기본 `__world__` 공개 그룹 사용                           → PASS (요구사항 일치)

## 3) extra_javascript 순서
mkdocs.yml의 extra_javascript 항목:
  1) assets/js/hypothesis.js          # config 먼저
  2) https://hypothes.is/embed.js     # embed 본체 나중
순서: config-first, embed-after                                → PASS

## 4) 빌드 결과 HTML의 실제 script 로드 순서
site/index.html에서 추출한 <script src> 순서:
  ['assets/js/hypothesis.js', 'https://hypothes.is/embed.js']
즉 페이지 렌더 시 config가 embed보다 먼저 로드됨               → PASS
(이 순서가 어긋나면 embed.js가 config를 못 읽음 → 가장 흔한 임베드 실패 원인)

## 5) docs/contribute.md 본문 (placeholder 아님)
파일: docs/contribute.md
- 줄 수: 60 줄
- 문자 수: 1896 문자
- 이전 placeholder("_피드백 통합 단계에서 작성됩니다._") 포함 여부: False  → PASS
- 섹션 구조 (실제 본문):
  - # 피드백 안내
  - ## 한눈에 보기
  - ## 1. 사이드바 열기
  - ## 2. 메모 남기는 법
  - ## 3. 공개 범위
  - ## 4. 계정과 익명성
  - ## 5. 분위기에 대한 부탁
  - ## 6. 자주 묻는 것
- 톤: 캐주얼 (요구사항 일치)                                   → PASS

## 6) contribute.md가 nav에 노출
mkdocs.yml의 nav:
  - 피드백 안내: contribute.md                                 → PASS
빌드 결과:
- site/contribute/index.html 생성됨                            → PASS

## 7) 빌드 결과 site/ 출력 — Hypothesis 자산
- site/assets/js/hypothesis.js 존재                            → PASS
- site/contribute/index.html 존재                              → PASS

## Stage 2 종합 판정: PASS (전체 항목 통과)

## 자동 검증 불가 (사용자 직접 확인)
다음 항목은 브라우저 UX이므로 사용자가 직접 확인 필요:
- 우상단 Hypothesis 사이드바 화살표 아이콘 표시
- 본문 드래그 시 Annotate/Highlight 도구창 출현
- 첫 진입 시 사이드바가 닫혀 있음 (openSidebar:false)
- 어노테이션 저장 후 새로고침 시 보존
- 광고 차단기 환경에서의 동작 (참고용)
